 1:    2 [0000]                          - 
 1:    2 [000A]                          -         org  10;
 1:    4 [000A]                          -         
 1:    4 [000A] 03 03 03 03 03           -         ds   5,3;
 1:    6 [000F]                          -         
 1:    6 [000F]                          - x       equ 3;
 1:    7 [000F] 03                       -         db      x;
 1:    9 [0010]                          -         
 1:   10 [0010]                          -         // go through instruction set numerically
 1:   11 [0010]                          -         // MOVER
 1:   11 [0010] 00                       -         sxt     r0;
 1:   12 [0011] 01                       -         move    r1,r0;
 1:   13 [0012] 02                       -         move    r2,r0;
 1:   14 [0013] 03                       -         move    r3,r0;
 1:   15 [0014] 04                       -         move    r0,r1;
 1:   16 [0015] 05                       -         sxt     r1;
 1:   17 [0016] 06                       -         move    r2,r1;
 1:   18 [0017] 07                       -         move    r3,r1;
 1:   19 [0018] 08                       -         move    r0,r2;
 1:   20 [0019] 09                       -         move    r1,r2;
 1:   21 [001A] 0A                       -         sxt     r2;
 1:   22 [001B] 0B                       -         move    r3,r2;
 1:   23 [001C] 0C                       -         move    r0,r3;
 1:   24 [001D] 0D                       -         move    r1,r3;
 1:   25 [001E] 0E                       -         move    r2,r3;
 1:   26 [001F] 0F                       -         sxt     r3;
 1:   28 [0020]                          - 
 1:   29 [0020]                          -         // AND
 1:   29 [0020] 10                       -         test    r0;
 1:   30 [0021] 11                       -         and     r1,r0;
 1:   31 [0022] 12                       -         and     r2,r0;
 1:   32 [0023] 13                       -         and     r3,r0;
 1:   33 [0024] 14                       -         and     r0,r1;
 1:   34 [0025] 15                       -         test    r1;
 1:   35 [0026] 16                       -         and     r2,r1;
 1:   36 [0027] 17                       -         and     r3,r1;
 1:   37 [0028] 18                       -         and     r0,r2;
 1:   38 [0029] 19                       -         and     r1,r2;
 1:   39 [002A] 1A                       -         test    r2;
 1:   40 [002B] 1B                       -         and     r3,r2;
 1:   41 [002C] 1C                       -         and     r0,r3;
 1:   42 [002D] 1D                       -         and     r1,r3;
 1:   43 [002E] 1E                       -         and     r2,r3;
 1:   44 [002F] 1F                       -         test    r3;
 1:   46 [0030]                          - 
 1:   47 [0030]                          -         // XOR
 1:   47 [0030] 20                       -         xor     r0,r0;
 1:   48 [0031] 21                       -         xor     r1,r0;
 1:   49 [0032] 22                       -         xor     r2,r0;
 1:   50 [0033] 23                       -         xor     r3,r0;
 1:   51 [0034] 24                       -         xor     r0,r1;
 1:   52 [0035] 25                       -         xor     r1,r1;
 1:   53 [0036] 26                       -         xor     r2,r1;
 1:   54 [0037] 27                       -         xor     r3,r1;
 1:   55 [0038] 28                       -         xor     r0,r2;
 1:   56 [0039] 29                       -         xor     r1,r2;
 1:   57 [003A] 2A                       -         xor     r2,r2;
 1:   58 [003B] 2B                       -         xor     r3,r2;
 1:   59 [003C] 2C                       -         xor     r0,r3;
 1:   60 [003D] 2D                       -         xor     r1,r3;
 1:   61 [003E] 2E                       -         xor     r2,r3;
 1:   62 [003F] 2F                       -         xor     r3,r3;
 1:   64 [0040]                          - 
 1:   65 [0040]                          - 
 1:   66 [0040]                          -         // OR
 1:   66 [0040] 30                       -         inv     r0;
 1:   67 [0041] 31                       -         or      r1,r0;
 1:   68 [0042] 32                       -         or      r2,r0;
 1:   69 [0043] 33                       -         or      r3,r0;
 1:   70 [0044] 34                       -         or      r0,r1;
 1:   71 [0045] 35                       -         inv     r1;
 1:   72 [0046] 36                       -         or      r2,r1;
 1:   73 [0047] 37                       -         or      r3,r1;
 1:   74 [0048] 38                       -         or      r0,r2;
 1:   75 [0049] 39                       -         or      r1,r2;
 1:   76 [004A] 3A                       -         inv     r2;
 1:   77 [004B] 3B                       -         or      r3,r2;
 1:   78 [004C] 3C                       -         or      r0,r3;
 1:   79 [004D] 3D                       -         or      r1,r3;
 1:   80 [004E] 3E                       -         or      r2,r3;
 1:   81 [004F] 3F                       -         inv     r3;
 1:   83 [0050]                          - 
 1:   84 [0050]                          -         // ADD
 1:   84 [0050] 40                       -         add     r0,r0;
 1:   85 [0051] 41                       -         add     r1,r0;
 1:   86 [0052] 42                       -         add     r2,r0;
 1:   87 [0053] 43                       -         add     r3,r0;
 1:   88 [0054] 44                       -         add     r0,r1;
 1:   89 [0055] 45                       -         add     r1,r1;
 1:   90 [0056] 46                       -         add     r2,r1;
 1:   91 [0057] 47                       -         add     r3,r1;
 1:   92 [0058] 48                       -         add     r0,r2;
 1:   93 [0059] 49                       -         add     r1,r2;
 1:   94 [005A] 4A                       -         add     r2,r2;
 1:   95 [005B] 4B                       -         add     r3,r2;
 1:   96 [005C] 4C                       -         add     r0,r3;
 1:   97 [005D] 4D                       -         add     r1,r3;
 1:   98 [005E] 4E                       -         add     r2,r3;
 1:   99 [005F] 4F                       -         add     r3,r3;
 1:  101 [0060]                          - 
 1:  102 [0060]                          -         // ADDQ
 1:  102 [0060] 50                       -         addq    r0,#2;
 1:  103 [0061] 51                       -         addq    r1,#2;
 1:  104 [0062] 52                       -         addq    r2,#2;
 1:  105 [0063] 53                       -         addq    r3,#2;
 1:  106 [0064] 54                       -         addq    r0,#1;
 1:  107 [0065] 55                       -         addq    r1,#1;
 1:  108 [0066] 56                       -         addq    r2,#1;
 1:  109 [0067] 57                       -         addq    r3,#1;
 1:  110 [0068] 58                       -         addq    r0,#-2;
 1:  111 [0069] 59                       -         addq    r1,#-2;
 1:  112 [006A] 5A                       -         addq    r2,#-2;
 1:  113 [006B] 5B                       -         addq    r3,#-2;
 1:  114 [006C] 5C                       -         addq    r0,#-1;
 1:  115 [006D] 5D                       -         addq    r1,#-1;
 1:  116 [006E] 5E                       -         addq    r2,#-1;
 1:  117 [006F] 5F                       -         addq    r3,#-1;
 1:  119 [0070]                          -         
 1:  120 [0070]                          -         // ADD
 1:  120 [0070] 60                       -         neg     r0;
 1:  121 [0071] 61                       -         sub     r1,r0;
 1:  122 [0072] 62                       -         sub     r2,r0;
 1:  123 [0073] 63                       -         sub     r3,r0;
 1:  124 [0074] 64                       -         sub     r0,r1;
 1:  125 [0075] 65                       -         neg     r1;
 1:  126 [0076] 66                       -         sub     r2,r1;
 1:  127 [0077] 67                       -         sub     r3,r1;
 1:  128 [0078] 68                       -         sub     r0,r2;
 1:  129 [0079] 69                       -         sub     r1,r2;
 1:  130 [007A] 6A                       -         neg     r2;
 1:  131 [007B] 6B                       -         sub     r3,r2;
 1:  132 [007C] 6C                       -         sub     r0,r3;
 1:  133 [007D] 6D                       -         sub     r1,r3;
 1:  134 [007E] 6E                       -         sub     r2,r3;
 1:  135 [007F] 6F                       -         neg     r3;
 1:  137 [0080]                          - 
 1:  138 [0080]                          -         // CMP
 1:  138 [0080] 70                       -         abs     r0;
 1:  139 [0081] 71                       -         cmp     r1,r0;
 1:  140 [0082] 72                       -         cmp     r2,r0;
 1:  141 [0083] 73                       -         cmp     r3,r0;
 1:  142 [0084] 74                       -         cmp     r0,r1;
 1:  143 [0085] 75                       -         abs     r1;
 1:  144 [0086] 76                       -         cmp     r2,r1;
 1:  145 [0087] 77                       -         cmp     r3,r1;
 1:  146 [0088] 78                       -         cmp     r0,r2;
 1:  147 [0089] 79                       -         cmp     r1,r2;
 1:  148 [008A] 7A                       -         abs     r2;
 1:  149 [008B] 7B                       -         cmp     r3,r2;
 1:  150 [008C] 7C                       -         cmp     r0,r3;
 1:  151 [008D] 7D                       -         cmp     r1,r3;
 1:  152 [008E] 7E                       -         cmp     r2,r3;
 1:  153 [008F] 7F                       -         abs     r3;
 1:  155 [0090]                          -         
 1:  156 [0090]                          -         // INDIRECT
 1:  156 [0090] 80                       -         ld.w    r0,(r2);
 1:  157 [0091] 81                       -         ld.w    r1,(r2);
 1:  158 [0092] 82                       -         ld.w    r0,(r3);
 1:  159 [0093] 83                       -         ld.w    r1,(r3);
 1:  160 [0094] 84                       -         ld.b    r0,(r2);
 1:  161 [0095] 85                       -         ld.b    r1,(r2);
 1:  162 [0096] 86                       -         ld.b    r0,(r3);
 1:  163 [0097] 87                       -         ld.b    r1,(r3);
 1:  164 [0098] 88                       -         st.w    (r2),r0;
 1:  165 [0099] 89                       -         st.w    (r2),r1;
 1:  166 [009A] 8A                       -         st.w    (r3),r0;
 1:  167 [009B] 8B                       -         st.w    (r3),r1;
 1:  168 [009C] 8C                       -         st.b    (r2),r0;
 1:  169 [009D] 8D                       -         st.b    (r2),r1;
 1:  170 [009E] 8E                       -         st.b    (r3),r0;
 1:  171 [009F] 8F                       -         st.b    (r3),r1;
 1:  173 [00A0]                          -         
 1:  174 [00A0]                          -         // POSTINC
 1:  174 [00A0] 90                       -         ld.w    r0,(r2++);
 1:  175 [00A1] 91                       -         ld.w    r1,(r2++);
 1:  176 [00A2] 92                       -         ld.w    r0,(r3++);
 1:  177 [00A3] 93                       -         ld.w    r1,(r3++);
 1:  178 [00A4] 94                       -         ld.b    r0,(r2++);
 1:  179 [00A5] 95                       -         ld.b    r1,(r2++);
 1:  180 [00A6] 96                       -         ld.b    r0,(r3++);
 1:  181 [00A7] 97                       -         ld.b    r1,(r3++);
 1:  182 [00A8] 98                       -         st.w    (r2++),r0;
 1:  183 [00A9] 99                       -         st.w    (r2++),r1;
 1:  184 [00AA] 9A                       -         st.w    (r3++),r0;
 1:  185 [00AB] 9B                       -         st.w    (r3++),r1;
 1:  186 [00AC] 9C                       -         st.b    (r2++),r0;
 1:  187 [00AD] 9D                       -         st.b    (r2++),r1;
 1:  188 [00AE] 9E                       -         st.b    (r3++),r0;
 1:  189 [00AF] 9F                       -         st.b    (r3++),r1;
 1:  191 [00B0]                          -         
 1:  192 [00B0]                          -         // STACKREL
 1:  192 [00B0] A0 78                    -         ld.w    r0,(sp+0x78);
 1:  193 [00B2] A1 78                    -         ld.w    r1,(sp+0x78);
 1:  194 [00B4] A2 78                    -         ld.w    r2,(sp+0x78);
 1:  195 [00B6] A3 78                    -         ld.w    r3,(sp+0x78);
 1:  196 [00B8] A4 78                    -         ld.b    r0,(sp+0x78);
 1:  197 [00BA] A5 78                    -         ld.b    r1,(sp+0x78);
 1:  198 [00BC] A6 78                    -         ld.b    r2,(sp+0x78);
 1:  199 [00BE] A7 78                    -         ld.b    r3,(sp+0x78);
 1:  200 [00C0] A8 78                    -         st.w    (sp+0x78),r0;
 1:  201 [00C2] A9 78                    -         st.w    (sp+0x78),r1;
 1:  202 [00C4] AA 78                    -         st.w    (sp+0x78),r2;
 1:  203 [00C6] AB 78                    -         st.w    (sp+0x78),r3;
 1:  204 [00C8] AC 78                    -         st.b    (sp+0x78),r0;
 1:  205 [00CA] AD 78                    -         st.b    (sp+0x78),r1;
 1:  206 [00CC] AE 78                    -         st.b    (sp+0x78),r2;
 1:  207 [00CE] AF 78                    -         st.b    (sp+0x78),r3;
 1:  209 [00D0]                          -         
 1:  210 [00D0]                          -         // ABSOLUTE
 1:  210 [00D0] B0 FE CA                 -         ld.w    r0,0xCAFE;
 1:  211 [00D3] B1 FE CA                 -         ld.w    r1,0xCAFE;
 1:  212 [00D6] B2 FE CA                 -         ld.w    r2,0xCAFE;
 1:  213 [00D9] B3 FE CA                 -         ld.w    r3,0xCAFE;
 1:  214 [00DC] B4 FE CA                 -         ld.b    r0,0xCAFE;
 1:  215 [00DF] B5 FE CA                 -         ld.b    r1,0xCAFE;
 1:  216 [00E2] B6 FE CA                 -         ld.b    r2,0xCAFE;
 1:  217 [00E5] B7 FE CA                 -         ld.b    r3,0xCAFE;
 1:  218 [00E8] B8 FE CA                 -         st.w    0xCAFE,r0;
 1:  219 [00EB] B9 FE CA                 -         st.w    0xCAFE,r1;
 1:  220 [00EE] BA FE CA                 -         st.w    0xCAFE,r2;
 1:  221 [00F1] BB FE CA                 -         st.w    0xCAFE,r3;
 1:  222 [00F4] BC FE CA                 -         st.b    0xCAFE,r0;
 1:  223 [00F7] BD FE CA                 -         st.b    0xCAFE,r1;
 1:  224 [00FA] BE FE CA                 -         st.b    0xCAFE,r2;
 1:  225 [00FD] BF FE CA                 -         st.b    0xCAFE,r3;
 1:  227 [0100]                          -         
 1:  228 [0100]                          -         // PUSH/POP
 1:  228 [0100] C0                       -         pop     r0;
 1:  229 [0101] C1                       -         pop     r1;
 1:  230 [0102] C2                       -         pop     r2;
 1:  231 [0103] C3                       -         pop     r3;
 1:  232 [0104] C4                       -         pop     ps;
 1:  234 [0105]                          -         // not used any more....reset;
 1:  234 [0105] C6                       -         ret;
 1:  235 [0106] C7                       -         reti;
 1:  236 [0107] C8                       -         push    r0;
 1:  237 [0108] C9                       -         push    r1;
 1:  238 [0109] CA                       -         push    r2;
 1:  239 [010A] CB                       -         push    r3;
 1:  240 [010B] CC                       -         push    ps;
 1:  241 [010C] CD                       -         trap;
 1:  242 [010D] CE                       -         jsr     (r0);
 1:  243 [010E] CF 34 12                 -         jsr     0x1234;
 1:  245 [0111]                          -         
 1:  246 [0111]                          -         // IMMEDIATE
 1:  246 [0111] D0 FE CA                 -         ld.w    r0,#0xCAFE;
 1:  247 [0114] D1 FE CA                 -         ld.w    r1,#0xCAFE;
 1:  248 [0117] D2 FE CA                 -         ld.w    r2,#0xCAFE;
 1:  249 [011A] D3 FE CA                 -         ld.w    r3,#0xCAFE;
 1:  250 [011D] D4 FE                    -         ld.b    r0,#0xCAFE;
 1:  251 [011F] D5 FE                    -         ld.b    r1,#0xCAFE;
 1:  252 [0121] D6 FE                    -         ld.b    r2,#0xCAFE;
 1:  253 [0123] D7 FE                    -         ld.b    r3,#0xCAFE;
 1:  255 [0125]                          -         
 1:  256 [0125]                          -         // shift
 1:  256 [0125] D8 63                    -         asl     r0,r3;
 1:  257 [0127] D9 62                    -         asl     r1,r2;
 1:  258 [0129] DA 61                    -         asl     r2,r1;
 1:  259 [012B] DB 60                    -         asl     r3,r0;
 1:  261 [012D]                          - //        asr     r0,r1;
 1:  261 [012D] D8 21                    -         lsl     r0,r1;
 1:  263 [012F]                          - //        lsr     r0,r1;
 1:  263 [012F] D8 A1                    -         rol     r0,r1;
 1:  265 [0131]                          - //        ror     r0,r1;
 1:  265 [0131] D8 E1                    -         roxl    r0,r1;
 1:  267 [0133]                          - //        roxr    r0,r1;
 1:  268 [0133]                          -         
 1:  268 [0133] D8 6B                    -         asl.wt     r0,r3;
 1:  269 [0135] D9 6A                    -         asl.wt     r1,r2;
 1:  270 [0137] DA 69                    -         asl.wt     r2,r1;
 1:  271 [0139] DB 68                    -         asl.wt     r3,r0;
 1:  273 [013B]                          - 
 1:  273 [013B] D9 47                    -         asl     r1,#7;
 1:  274 [013D] D9 59                    -         asr     r1,#7;
 1:  275 [013F] D9 07                    -         lsl     r1,#7;
 1:  276 [0141] D9 19                    -         lsr     r1,#7;
 1:  277 [0143] D9 87                    -         rol     r1,#7;
 1:  278 [0145] D9 99                    -         ror     r1,#7;
 1:  279 [0147] D9 C7                    -         roxl    r1,#7;
 1:  280 [0149] D9 D9                    -         roxr    r1,#7;
 1:  282 [014B]                          -         
 1:  283 [014B]                          -         // bit
 1:  283 [014B] DC 23                    -         btst    r0,r3;
 1:  284 [014D] DD 22                    -         btst    r1,r2;
 1:  285 [014F] DE 21                    -         btst    r2,r1;
 1:  286 [0151] DF 20                    -         btst    r3,r0;
 1:  287 [0153] DC 61                    -         bchg    r0,r1;
 1:  288 [0155] DC A1                    -         bclr    r0,r1;
 1:  289 [0157] DC E1                    -         bset    r0,r1;
 1:  291 [0159]                          -         
 1:  291 [0159] DD 07                    -         btst    r1,#7;
 1:  292 [015B] DD 47                    -         bchg    r1,#7;
 1:  293 [015D] DD 87                    -         bclr    r1,#7;
 1:  294 [015F] DD C7                    -         bset    r1,#7;
 1:  296 [0161]                          -         
 1:  297 [0161]                          -         // BRANCH
 1:  297 [0161] FF                       - target: nop;
 1:  298 [0162] E1 FD                    -         bus     target;
 1:  299 [0164] E0 FB                    -         buc     target;        
 1:  300 [0166] E2 F9                    -         bhi     target;
 1:  301 [0168] E3 F7                    -         bls     target;
 1:  302 [016A] E4 F5                    -         bcc     target;
 1:  303 [016C] E5 F3                    -         bcs     target;
 1:  304 [016E] E6 F1                    -         bne     target;
 1:  305 [0170] E7 EF                    -         beq     target;
 1:  306 [0172] E8 ED                    -         bvc     target;
 1:  307 [0174] E9 EB                    -         bvs     target;
 1:  308 [0176] EA E9                    -         bpl     target;
 1:  309 [0178] EB E7                    -         bmi     target;
 1:  310 [017A] EC E5                    -         bge     target;
 1:  311 [017C] ED E3                    -         blt     target;
 1:  312 [017E] EE E1                    -         bgt     target;
 1:  313 [0180] EF DF                    -         ble     target;
 1:  315 [0182]                          - 
 1:  316 [0182]                          -         // MISC
 1:  316 [0182] F0                       -         move    r0,sp;
 1:  317 [0183] F1                       -         move    sp,r0;
 1:  318 [0184] F2                       -         jmp     (r0);
 1:  319 [0185] F3 34 12                 -         jmp     0x1234;
 1:  320 [0188] F4 34                    -         andi    ps,#0x1234;
 1:  321 [018A] F5 34                    -         ori     ps,#0x1234;
 1:  322 [018C] F6 34                    -         addi    sp,#0x1234;
 1:  323 [018E] F7                       -         sqrt;
 1:  324 [018F] F8                       -         mulu;
 1:  325 [0190] F9                       -         muls;
 1:  326 [0191] FA                       -         divu;
 1:  327 [0192] FB                       -         divs;
 1:  328 [0193] FC                       -         addx    r0,r1;
 1:  329 [0194] FD                       -         subx    r0,r1;
 1:  330 [0195] FE                       -         negx    r0;
 1:  331 [0196] FF                       -         nop;
 1:  333 [0197]                          -         
 1:  334 [0197]                          -         
 1:  334 [0197] 01 02 03 04 0A           -         db      1,2,3,4,0b1010;
 1:  335 [019C] 15 00 F4 01 EF BE FE CA  -         dw      21,500,0xdeadbeef,0xCAFe;
                         - 
 1:  336 [01A4] 78 56 34 12 EF BE AD DE  -         dl      0x12345678, 0xdeadbeef;
                         - 
 1:  337 [01AC] 48 69 20 74 68 65 72 65  -         dm      "Hi there";
 1:  337 [01B4] 00                       - 
 1:  339 [01B5]                          -         
 1:  339 [0258]                          - label_600:   org      600;
 1:  340 [0258]                          - also_600     EQU     $;
 1:  341 [0258] 00 00 00 00 00 00 00 00  -         ds      10;
 1:  341 [0260] 00 00                    - 
 1:  342 [0262] F3 58 02                 -         jmp     label_600;
 1:  343 [0265] F3 58 02                 -         jmp     also_600;
 1:  345 [0268]                          -         
 1:  345 [0268] C7                       -         reti;
 1:  347 [0269]                          -         
 0:    0 [0269]                          -         
                                ALSO_600  = 0x00000258,      600   : Integer. Decl File  1, Line  340
                               LABEL_600  = 0x00000258,      600   : Integer. Decl File  1, Line  339
                                  TARGET  = 0x00000161,      353   : Integer. Decl File  1, Line  297
                                       X  = 0x00000003,        3   : Integer. Decl File  1, Line    6
